0 verbose cli C:\Program Files\nodejs\node.exe C:\Program Files\nodejs\node_modules\npm\bin\npm-cli.js
1 info using npm@11.16.0
2 info using node@v24.18.0
3 silly config load:file:C:\Program Files\nodejs\node_modules\npm\npmrc
4 silly config load:file:C:\projects\archipools\.npmrc
5 silly config load:file:C:\Users\roysa\.npmrc
6 silly config load:file:C:\Users\roysa\AppData\Roaming\npm\etc\npmrc
7 verbose title npm install
8 verbose argv "install"
9 verbose logfile logs-max:10 dir:C:\projects\archipools\.sites-runtime\npm-cache\_logs\2026-09-01T19_04_57_671Z-
10 verbose logfile C:\projects\archipools\.sites-runtime\npm-cache\_logs\2026-09-01T19_04_57_671Z-debug-0.log
11 silly logfile done cleaning log files
12 silly packumentCache heap:4496293888 maxSize:1124073472 maxEntrySize:562036736
13 silly idealTree buildDeps
14 verbose shrinkwrap failed to load node_modules/.package-lock.json out of date, updated: node_modules
15 silly reify moves {}
16 warn allow-scripts 1 package has install scripts not yet covered by allowScripts:
16 warn allow-scripts   esbuild@0.28.1 (install: (install scripts present))
16 warn allow-scripts
16 warn allow-scripts Run `npm approve-scripts --allow-scripts-pending` to review, or `npm approve-scripts <pkg>` to allow.
17 verbose cwd C:\projects\archipools
18 verbose os Windows_NT 10.0.26200
19 verbose node v24.18.0
20 verbose npm  v11.16.0
21 verbose exit 0
22 info ok
