0 verbose cli C:\Program Files\nodejs\node.exe C:\Program Files\nodejs\node_modules\npm\bin\npm-cli.js
1 info using npm@11.16.0
2 info using node@v24.18.0
3 silly config load:file:C:\Program Files\nodejs\node_modules\npm\npmrc
4 silly config load:file:C:\projects\archipools\.npmrc
5 silly config load:file:C:\Users\roysa\.npmrc
6 silly config load:file:C:\Users\roysa\AppData\Roaming\npm\etc\npmrc
7 verbose title npm run dev 0.0.0.0
8 verbose argv "run" "dev" "--host" "0.0.0.0"
9 verbose logfile logs-max:10 dir:C:\projects\archipools\.sites-runtime\npm-cache\_logs\2026-09-01T19_07_23_189Z-
10 verbose logfile C:\projects\archipools\.sites-runtime\npm-cache\_logs\2026-09-01T19_07_23_189Z-debug-0.log
11 warn "0.0.0.0" is being parsed as a normal command line argument.
12 warn Unknown cli config "--host". This will stop working in the next major version of npm.
13 silly logfile done cleaning log files
14 verbose cwd C:\projects\archipools
15 verbose os Windows_NT 10.0.26200
16 verbose node v24.18.0
17 verbose npm  v11.16.0
18 verbose exit 1
19 verbose code 1
